Details Page:               https://console.redhat.com/openshift/details/s/3J0p9QRcJgE76NnfC1FUSNL9iCr
OIDC Endpoint URL:          https://oidc.op1.openshiftapps.com/2smbo0guq2i8saojaleqqui634v63a0u (Classic)
Etcd Encryption:            Disabled

INFO: Preparing to create operator roles.
INFO: Creating roles using 'arn:aws:iam::529088256767:role/AWSReservedSSO_AdministratorAccess_9e690657e581d4b1'
INFO: Attached trust policy to role 'tt17018-qa-x8j4-openshift-image-registry-installer-cloud-credent(https://console.aws.amazon.com/iam/home?#/roles/tt17018-qa-x8j4-openshift-image-registry-installer-cloud-credent)': {"Version": "2012-10-17", "Statement": [{"Action": ["sts:AssumeRoleWithWebIdentity"], "Effect": "Allow", "Condition": {"StringEquals": {"oidc.op1.openshiftapps.com/2smbo0guq2i8saojaleqqui634v63a0u:sub": ["system:serviceaccount:openshift-image-registry:cluster-image-registry-operator" , "system:serviceaccount:openshift-image-registry:registry"]}}, "Principal": {"Federated": "arn:aws:iam::529088256767:oidc-provider/oidc.op1.openshiftapps.com/2smbo0guq2i8saojaleqqui634v63a0u"}}]}
INFO: Created role 'tt17018-qa-x8j4-openshift-image-registry-installer-cloud-credent' with ARN 'arn:aws:iam::529088256767:role/tt17018-qa-x8j4-openshift-image-registry-installer-cloud-credent'
INFO: Attached policy 'arn:aws:iam::529088256767:policy/ManagedOpenShift-openshift-image-registry-installer-cloud-creden' to role 'tt17018-qa-x8j4-openshift-image-registry-installer-cloud-credent(https://console.aws.amazon.com/iam/home?#/roles/tt17018-qa-x8j4-openshift-image-registry-installer-cloud-credent)'

INFO: Attached trust policy to role 'tt17018-qa-x8j4-openshift-ingress-operator-cloud-credentials(https://console.aws.amazon.com/iam/home?#/roles/tt17018-qa-x8j4-openshift-ingress-operator-cloud-credentials)': {"Version": "2012-10-17", "Statement": [{"Action": ["sts:AssumeRoleWithWebIdentity"], "Effect": "Allow", "Condition": {"StringEquals": {"oidc.op1.openshiftapps.com/2smbo0guq2i8saojaleqqui634v63a0u:sub": ["system:serviceaccount:openshift-ingress-operator:ingress-operator"]}}, "Principal": {"Federated": "arn:aws:iam::529088256767:oidc-provider/oidc.op1.openshiftapps.com/2smbo0guq2i8saojaleqqui634v63a0u"}}]}
INFO: Created role 'tt17018-qa-x8j4-openshift-ingress-operator-cloud-credentials' with ARN 'arn:aws:iam::529088256767:role/tt17018-qa-x8j4-openshift-ingress-operator-cloud-credentials'
INFO: Attached policy 'arn:aws:iam::529088256767:policy/ManagedOpenShift-openshift-ingress-operator-cloud-credentials' to role 'tt17018-qa-x8j4-openshift-ingress-operator-cloud-credentials(https://console.aws.amazon.com/iam/home?#/roles/tt17018-qa-x8j4-openshift-ingress-operator-cloud-credentials)'

INFO: Attached trust policy to role 'tt17018-qa-x8j4-openshift-cluster-csi-drivers-ebs-cloud-credenti(https://console.aws.amazon.com/iam/home?#/roles/tt17018-qa-x8j4-openshift-cluster-csi-drivers-ebs-cloud-credenti)': {"Version": "2012-10-17", "Statement": [{"Action": ["sts:AssumeRoleWithWebIdentity"], "Effect": "Allow", "Condition": {"StringEquals": {"oidc.op1.openshiftapps.com/2smbo0guq2i8saojaleqqui634v63a0u:sub": ["system:serviceaccount:openshift-cluster-csi-drivers:aws-ebs-csi-driver-operator" , "system:serviceaccount:openshift-cluster-csi-drivers:aws-ebs-csi-driver-controller-sa"]}}, "Principal": {"Federated": "arn:aws:iam::529088256767:oidc-provider/oidc.op1.openshiftapps.com/2smbo0guq2i8saojaleqqui634v63a0u"}}]}
INFO: Created role 'tt17018-qa-x8j4-openshift-cluster-csi-drivers-ebs-cloud-credenti' with ARN 'arn:aws:iam::529088256767:role/tt17018-qa-x8j4-openshift-cluster-csi-drivers-ebs-cloud-credenti'
INFO: Attached policy 'arn:aws:iam::529088256767:policy/ManagedOpenShift-openshift-cluster-csi-drivers-ebs-cloud-credent' to role 'tt17018-qa-x8j4-openshift-cluster-csi-drivers-ebs-cloud-credenti(https://console.aws.amazon.com/iam/home?#/roles/tt17018-qa-x8j4-openshift-cluster-csi-drivers-ebs-cloud-credenti)'

INFO: Attached trust policy to role 'tt17018-qa-x8j4-openshift-cloud-network-config-controller-cloud-(https://console.aws.amazon.com/iam/home?#/roles/tt17018-qa-x8j4-openshift-cloud-network-config-controller-cloud-)': {"Version": "2012-10-17", "Statement": [{"Action": ["sts:AssumeRoleWithWebIdentity"], "Effect": "Allow", "Condition": {"StringEquals": {"oidc.op1.openshiftapps.com/2smbo0guq2i8saojaleqqui634v63a0u:sub": ["system:serviceaccount:openshift-cloud-network-config-controller:cloud-network-config-controller"]}}, "Principal": {"Federated": "arn:aws:iam::529088256767:oidc-provider/oidc.op1.openshiftapps.com/2smbo0guq2i8saojaleqqui634v63a0u"}}]}
INFO: Created role 'tt17018-qa-x8j4-openshift-cloud-network-config-controller-cloud-' with ARN 'arn:aws:iam::529088256767:role/tt17018-qa-x8j4-openshift-cloud-network-config-controller-cloud-'
INFO: Attached policy 'arn:aws:iam::529088256767:policy/ManagedOpenShift-openshift-cloud-network-config-controller-cloud' to role 'tt17018-qa-x8j4-openshift-cloud-network-config-controller-cloud-(https://console.aws.amazon.com/iam/home?#/roles/tt17018-qa-x8j4-openshift-cloud-network-config-controller-cloud-)'

INFO: Attached trust policy to role 'tt17018-qa-x8j4-openshift-machine-api-aws-cloud-credentials(https://console.aws.amazon.com/iam/home?#/roles/tt17018-qa-x8j4-openshift-machine-api-aws-cloud-credentials)': {"Version": "2012-10-17", "Statement": [{"Action": ["sts:AssumeRoleWithWebIdentity"], "Effect": "Allow", "Condition": {"StringEquals": {"oidc.op1.openshiftapps.com/2smbo0guq2i8saojaleqqui634v63a0u:sub": ["system:serviceaccount:openshift-machine-api:machine-api-controllers"]}}, "Principal": {"Federated": "arn:aws:iam::529088256767:oidc-provider/oidc.op1.openshiftapps.com/2smbo0guq2i8saojaleqqui634v63a0u"}}]}
INFO: Created role 'tt17018-qa-x8j4-openshift-machine-api-aws-cloud-credentials' with ARN 'arn:aws:iam::529088256767:role/tt17018-qa-x8j4-openshift-machine-api-aws-cloud-credentials'
INFO: Attached policy 'arn:aws:iam::529088256767:policy/ManagedOpenShift-openshift-machine-api-aws-cloud-credentials' to role 'tt17018-qa-x8j4-openshift-machine-api-aws-cloud-credentials(https://console.aws.amazon.com/iam/home?#/roles/tt17018-qa-x8j4-openshift-machine-api-aws-cloud-credentials)'

INFO: Attached trust policy to role 'tt17018-qa-x8j4-openshift-cloud-credential-operator-cloud-creden(https://console.aws.amazon.com/iam/home?#/roles/tt17018-qa-x8j4-openshift-cloud-credential-operator-cloud-creden)': {"Version": "2012-10-17", "Statement": [{"Action": ["sts:AssumeRoleWithWebIdentity"], "Effect": "Allow", "Condition": {"StringEquals": {"oidc.op1.openshiftapps.com/2smbo0guq2i8saojaleqqui634v63a0u:sub": ["system:serviceaccount:openshift-cloud-credential-operator:cloud-credential-operator"]}}, "Principal": {"Federated": "arn:aws:iam::529088256767:oidc-provider/oidc.op1.openshiftapps.com/2smbo0guq2i8saojaleqqui634v63a0u"}}]}
INFO: Created role 'tt17018-qa-x8j4-openshift-cloud-credential-operator-cloud-creden' with ARN 'arn:aws:iam::529088256767:role/tt17018-qa-x8j4-openshift-cloud-credential-operator-cloud-creden'
INFO: Attached policy 'arn:aws:iam::529088256767:policy/ManagedOpenShift-openshift-cloud-credential-operator-cloud-crede' to role 'tt17018-qa-x8j4-openshift-cloud-credential-operator-cloud-creden(https://console.aws.amazon.com/iam/home?#/roles/tt17018-qa-x8j4-openshift-cloud-credential-operator-cloud-creden)'

INFO: Preparing to create OIDC Provider.
INFO: Creating OIDC provider using 'arn:aws:iam::529088256767:role/AWSReservedSSO_AdministratorAccess_9e690657e581d4b1'
INFO: Created OIDC provider with ARN 'arn:aws:iam::529088256767:oidc-provider/oidc.op1.openshiftapps.com/2smbo0guq2i8saojaleqqui634v63a0u'
INFO: To determine when your cluster is Ready, run 'rosa describe cluster -c tt17018-qa'.
INFO: To watch your cluster installation logs, run 'rosa logs install -c tt17018-qa --watch'.
