Pulled: registry-1.docker.io/bitnamicharts/postgresql:18.9.0
Digest: sha256:4e6344bca9137a3ac7cefaf50061a979a819a4100e6da3ac94ee6ddfb5b1470a
NAME: tyk-postgres
LAST DEPLOYED: Mon Sep  7 16:05:44 2026
NAMESPACE: tyk-stack
STATUS: deployed
REVISION: 1
TEST SUITE: None
NOTES:
CHART NAME: postgresql
CHART VERSION: 18.9.0
APP VERSION: 18.6.0

** Please be patient while the chart is being deployed **

PostgreSQL can be accessed via port 5432 on the following DNS names from within your cluster:

    tyk-postgres-postgresql.tyk-stack.svc.cluster.local - Read/Write connection

To get the password for "postgres" run:

    export POSTGRES_PASSWORD=$(kubectl get secret --namespace tyk-stack tyk-postgres-postgresql -o jsonpath="{.data.postgres-password}" | base64 -d)

To connect to your database run the following command:

    kubectl run tyk-postgres-postgresql-client --rm --tty -i --restart='Never' --namespace tyk-stack --image registry-1.docker.io/bitnami/postgresql:latest --env="PGPASSWORD=$POSTGRES_PASSWORD" \
      --command -- psql --host tyk-postgres-postgresql -U postgres -d tyk_analytics -p 5432

    > NOTE: If you access the container using bash, make sure that you execute "/opt/bitnami/scripts/postgresql/entrypoint.sh /bin/bash" in order to avoid the error "psql: local user with ID 1001 does not exist"

To connect to your database from outside the cluster execute the following commands:

    kubectl port-forward --namespace tyk-stack svc/tyk-postgres-postgresql 5432:5432 &
    PGPASSWORD="$POSTGRES_PASSWORD" psql --host 127.0.0.1 -U postgres -d tyk_analytics -p 5432
WARNING: Rolling tag detected (bitnami/postgresql:latest), please note that it is strongly recommended to avoid using rolling tags in a production environment.
+info https://techdocs.broadcom.com/us/en/vmware-tanzu/bitnami-secure-images/bitnami-secure-images/services/bsi-doc/apps-tutorials-understand-rolling-tags-containers-index.html
WARNING: Rolling tag detected (bitnami/postgres-exporter:latest), please note that it is strongly recommended to avoid using rolling tags in a production environment.
+info https://techdocs.broadcom.com/us/en/vmware-tanzu/bitnami-secure-images/bitnami-secure-images/services/bsi-doc/apps-tutorials-understand-rolling-tags-containers-index.html
WARNING: Rolling tag detected (bitnami/os-shell:latest), please note that it is strongly recommended to avoid using rolling tags in a production environment.
+info https://techdocs.broadcom.com/us/en/vmware-tanzu/bitnami-secure-images/bitnami-secure-images/services/bsi-doc/apps-tutorials-understand-rolling-tags-containers-index.html

WARNING: There are "resources" sections in the chart not set. Using "resourcesPreset" is not recommended for production. For production installations, please set the following values according to your workload needs:
  - primary.resources
  - readReplicas.resources
+info https://kubernetes.io/docs/concepts/configuration/manage-resources-containers/
