NAME: tyk
LAST DEPLOYED: Mon Sep  7 16:08:07 2026
NAMESPACE: tyk-oss
STATUS: deployed
REVISION: 1
NOTES:
Thank you for installing Tyk OSS Chart. Your release is named tyk.
At this point, Tyk Gateway and Tyk Pump are fully installed and should be accessible.

To quickly test everything is ok, you can port-forward Tyk Gateway pod:
    kubectl port-forward --namespace tyk-oss service/gateway-svc-tyk-tyk-gateway 8080:8080
    curl localhost:8080/hello

=== API Secret (TYK_GW_SECRET) ===
    export TYK_GW_SECRET=$(kubectl get secrets --namespace tyk-oss secrets-tyk-tyk-gateway -o jsonpath="{.data.APISecret}" | base64 --decode)

===================================================
  Manage Ingress resources and APIs on Kubernetes
===================================================
You might want to install Tyk Operator next to manage Ingress resources or manage your APIs.
Please check Tyk Operator documentation at https://tyk.io/docs/tyk-operator/

=== Tyk Operator Secret (tyk-operator-conf) ===
The `tyk-operator-conf` secret, required for Tyk Operator to establish a connection with Tyk Gateway, is generated in the tyk-oss namespace.

If API Secret of Tyk Gateway has configured via `global.secret.useSecretName` field, ensure that the `TYK_AUTH` field in the `tyk-operator-conf` secret contains the API secret of Tyk Gateway. This step ensures that Tyk Operator correctly identifies the API secret.

    NOTE: After updating `tyk-operator-conf`, make sure that Tyk Operator pod is restarted.
