NAME: tyk-cp
LAST DEPLOYED: Wed Aug 26 23:24:00 2026
NAMESPACE: tyk-cp
STATUS: deployed
REVISION: 1
TEST SUITE: None
NOTES:
Thank you for installing Tyk Control Plane Chart. Your release is named tyk-cp.

NOTE:
Tyk Dashboard connects to Tyk Gateway at http://gateway-svc-tyk-cp-tyk-gateway.tyk-cp.svc over port 8080 for key management functions.
    Please double check if Tyk Gateway runs on this address. If not, Tyk Gateway host and Tyk Gateway port can be overridden
        through .tyk-dashboard.dashboard.tykApiHost and .tyk-dashboard.dashboard.tykApiPort fields respectively in values.yaml.

To quickly test everything is ok, you can port-forward Tyk Gateway pod:
    kubectl port-forward --namespace tyk-cp service/gateway-svc-tyk-cp-tyk-gateway 8080:8080
    curl localhost:8080/hello

=== Tyk Dashboard Login Details ===
    export TYK_DASHBOARD_ADMINEMAIL=default@example.com
    export TYK_DASHBOARD_ADMINPASSWORD=$(kubectl get secret --namespace tyk-cp tyk-dashboard-login-details -o jsonpath="{.data.adminUserPassword}" | base64 --decode)

=== Tyk Control Plane Details ===
Before a worker gateway that is deployed in data plane can connect to MDCB, it is important to set remote control plane options.
If the worker gateway will be deployed via Helm, tyk-data-plane chart helps to facilitate this process.

1- First obtain required connection details from Tyk MDCB:

    export GROUP_ID=your_group_id # You can use any name for your group.
    export USER_API_KEY=$(kubectl get secret --namespace tyk-cp tyk-operator-conf -o jsonpath="{.data.TYK_AUTH}" | base64 --decode)
    export ORG_ID=$(kubectl get secret --namespace tyk-cp tyk-operator-conf -o jsonpath="{.data.TYK_ORG}" | base64 --decode)


2- Create a Kubernetes Secret based on credentials in data plane's namespace, e.g. `tyk-dp`.

    kubectl create namespace tyk-dp

    kubectl create secret generic tyk-data-plane-details \
    --from-literal "orgId=$ORG_ID" \
    --from-literal "userApiKey=$USER_API_KEY" \
    --from-literal "groupID=$GROUP_ID" \
    --namespace tyk-dp

3- Refer this Kubernetes secret (tyk-data-plane-details) while installing worker gateways through `global.remoteControlPlane.useSecretName` in tyk-data-plane chart.

4- Set `global.remoteControlPlane.connectionString`, `global.remoteControlPlane.useSSL` and `global.remoteControlPlane.sslInsecureSkipVerify` in tyk-data-plane chart to access MDCB service.

If data plane is deployed in the same cluster, MDCB can be accessed via this connection string:
    export MDCB_CONNECTIONSTRING="mdcb-svc-tyk-cp-tyk-mdcb.tyk-cp.svc:9091"

If data plane is not deployed in the same cluster as control plane, get the connection string according to how MDCB service is exposed.

For more detail about tyk-data-plane chart, please refer to the https://github.com/TykTechnologies/tyk-charts/tree/main/tyk-data-plane
===================================================
  Manage Ingress resources and APIs on Kubernetes
===================================================
You might want to install Tyk Operator next to manage Ingress resources or manage your APIs.
Please check Tyk Operator documentation at https://tyk.io/docs/tyk-operator/
